✅ Removed deployments directory
✅ Cleaned Scarb artifacts
✨ Workspace clean, keep going!
