✅ Removed contract deployments
✅ Cleaned Scarb artifacts
✨ Workspace clean, keep going!
