ğŸŸ¡ No deployments to delete
ğŸŸ¡ No artifacts to clean
âœ¨ Workspace clean, keep going!
