Compiling tests/fixtures/hello_starknet.cairo
âœ… Done
