
The counterfactual address is: 0x04968a4aadbc75e692d2d932dd7800f1a94015578c260fa4292115fa5c4500d7
