‚è≥ Declaration successfully sent!

Transaction hash: 0x0376fc5328badc4eff64d0332044a9b455f264e5014d46af5880fe4df43f9f1e
Class hash: 0x0508fc648f7dc864be1242384cc819f0d23bfeea97b5216923ab769e103c9775
