⏳ Deployment successfully sent!

Transaction hash: 0x0376fc5328badc4eff64d0332044a9b455f264e5014d46af5880fe4df43f9f1e
Contract address: 0x07cfadda3ed391f56ba9a556457bb102c0965fef2a254e750a7ce2b85458a7b0
Querying the status...
✅ Transaction status: AcceptedOnL2
