
Overall fee: 1349000000
Gas price (Wei): 1000000
Gas usage: 1349
