
Account 0: 0x00e2f6d939b55f5b8622ec8323a58c8a2802c029409793852b44433ddcfee023
