🗄  Creating project directory tree
⛵️ Nile project ready!

Try running: `nile-rs compile`
