CallContractResult {
    result: [
        FieldElement {
            inner: 0x0000000000000000000000000000000000000000000000000000000000000000,
        },
        FieldElement {
            inner: 0x0000000000000000000000000000000000000000000000000000000000000000,
        },
    ],
}
