⏳ Transaction successfully sent!

Transaction hash: 0x0376fc5328badc4eff64d0332044a9b455f264e5014d46af5880fe4df43f9f1e
Querying the status...
✅ Transaction status: AcceptedOnL2
