Querying the status...
âœ… Transaction status: AcceptedOnL2
